// Jest Snapshot v1, https://goo.gl/fbAQLP

exports[`Popup renders without crashing 1`] = `
<div
  className="Popup"
>
  <h1
    id="title"
  >
    TabStash
  </h1>
</div>
`;
